// Jest Snapshot v1, https://goo.gl/fbAQLP

exports[`HostPathMount synth Service deployment and volume mount 1`] = `
Array [
  Object {
    "apiVersion": "v1",
    "kind": "Service",
    "metadata": Object {
      "name": "test-chart-service-c8a895ee",
    },
    "spec": Object {
      "ports": Array [
        Object {
          "port": 80,
          "targetPort": 8080,
        },
      ],
      "selector": Object {
        "app": "host-path-mount-container",
      },
      "type": "LoadBalancer",
    },
  },
  Object {
    "apiVersion": "apps/v1",
    "kind": "Deployment",
    "metadata": Object {
      "name": "test-chart-deployment-c8d4e901",
    },
    "spec": Object {
      "replicas": 2,
      "selector": Object {
        "matchLabels": Object {
          "app": "host-path-mount-container",
        },
      },
      "template": Object {
        "metadata": Object {
          "labels": Object {
            "app": "host-path-mount-container",
          },
        },
        "spec": Object {
          "containers": Array [
            Object {
              "image": "nginx:latest",
              "name": "nginx",
              "ports": Array [
                Object {
                  "containerPort": 8080,
                },
              ],
              "volumeMounts": Array [
                Object {
                  "mountPath": "/mounted/",
                  "name": "host-mounted",
                },
              ],
            },
          ],
          "volumes": Array [
            Object {
              "hostPath": Object {
                "path": "/var/log/",
              },
              "name": "host-mounted",
            },
          ],
        },
      },
    },
  },
]
`;
